
> question-bank@0.0.0 build
> vite build

[36mvite v8.0.0 [32mbuilding client environment for production...[36m[39m
[2Ktransforming...✓ 929 modules transformed.
rendering chunks...
computing gzip size...
dist/index.html                                           0.47 kB │ gzip:   0.30 kB
dist/assets/KaTeX_Size3-Regular-CTq5MqoE.woff             4.42 kB
dist/assets/KaTeX_Size4-Regular-Dl5lxZxV.woff2            4.92 kB
dist/assets/KaTeX_Size2-Regular-Dy4dx90m.woff2            5.20 kB
dist/assets/KaTeX_Size1-Regular-mCD8mA8B.woff2            5.46 kB
dist/assets/KaTeX_Size4-Regular-BF-4gkZK.woff             5.98 kB
dist/assets/KaTeX_Size2-Regular-oD1tc_U0.woff             6.18 kB
dist/assets/KaTeX_Size1-Regular-C195tn64.woff             6.49 kB
dist/assets/KaTeX_Caligraphic-Regular-Di6jR-x-.woff2      6.90 kB
dist/assets/KaTeX_Caligraphic-Bold-Dq_IR9rO.woff2         6.91 kB
dist/assets/KaTeX_Size3-Regular-DgpXs0kz.ttf              7.58 kB
dist/assets/KaTeX_Caligraphic-Regular-CTRA-rTL.woff       7.65 kB
dist/assets/KaTeX_Caligraphic-Bold-BEiXGLvX.woff          7.71 kB
dist/assets/KaTeX_Script-Regular-D3wIWfF6.woff2           9.64 kB
dist/assets/multi_correct-DJuQagzU.png                    9.87 kB
dist/assets/KaTeX_SansSerif-Regular-DDBCnlJ7.woff2       10.34 kB
dist/assets/KaTeX_Size4-Regular-DWFBv043.ttf             10.36 kB
dist/assets/true_false-B7fqW9nZ.png                      10.56 kB
dist/assets/KaTeX_Script-Regular-D5yQViql.woff           10.58 kB
dist/assets/KaTeX_Fraktur-Regular-CTYiF6lA.woff2         11.31 kB
dist/assets/KaTeX_Fraktur-Bold-CL6g_b3V.woff2            11.34 kB
dist/assets/KaTeX_Size2-Regular-B7gKUWhC.ttf             11.50 kB
dist/assets/KaTeX_SansSerif-Italic-C3H0VqGB.woff2        12.02 kB
dist/assets/KaTeX_SansSerif-Bold-D1sUS0GD.woff2          12.21 kB
dist/assets/KaTeX_Size1-Regular-Dbsnue_I.ttf             12.22 kB
dist/assets/match_pair-BK9m6pRy.png                      12.29 kB
dist/assets/KaTeX_SansSerif-Regular-CS6fqUqJ.woff        12.31 kB
dist/assets/KaTeX_Caligraphic-Regular-wX97UBjC.ttf       12.34 kB
dist/assets/KaTeX_Caligraphic-Bold-ATXxdsX0.ttf          12.36 kB
dist/assets/KaTeX_Fraktur-Regular-Dxdc4cR9.woff          13.20 kB
dist/assets/KaTeX_Fraktur-Bold-BsDP51OF.woff             13.29 kB
dist/assets/KaTeX_Typewriter-Regular-CO6r4hn1.woff2      13.56 kB
dist/assets/KaTeX_SansSerif-Italic-DN2j7dab.woff         14.11 kB
dist/assets/KaTeX_SansSerif-Bold-DbIhKOiC.woff           14.40 kB
dist/assets/mcq-BxHJCLPA.png                             16.02 kB
dist/assets/KaTeX_Typewriter-Regular-C0xS9mPB.woff       16.02 kB
dist/assets/KaTeX_Math-BoldItalic-CZnvNsCZ.woff2         16.40 kB
dist/assets/KaTeX_Math-Italic-t53AETM-.woff2             16.44 kB
dist/assets/KaTeX_Script-Regular-C5JkGWo-.ttf            16.64 kB
dist/assets/arrange_sequence-D2i3vCP-.png                16.67 kB
dist/assets/KaTeX_Main-BoldItalic-DxDJ3AOS.woff2         16.78 kB
dist/assets/KaTeX_Main-Italic-NWA7e6Wa.woff2             16.98 kB
dist/assets/cross-Bk7zHujV.png                           17.02 kB
dist/assets/comprehensive-GaCU3tib.png                   18.08 kB
dist/assets/KaTeX_Math-BoldItalic-iY-2wyZ7.woff          18.66 kB
dist/assets/KaTeX_Math-Italic-DA0__PXp.woff              18.74 kB
dist/assets/KaTeX_Main-BoldItalic-SpSLRI95.woff          19.41 kB
dist/assets/KaTeX_SansSerif-Regular-BNo7hRIc.ttf         19.43 kB
dist/assets/KaTeX_Fraktur-Regular-CB_wures.ttf           19.57 kB
dist/assets/KaTeX_Fraktur-Bold-BdnERNNW.ttf              19.58 kB
dist/assets/KaTeX_Main-Italic-BMLOBm91.woff              19.67 kB
dist/assets/KaTeX_SansSerif-Italic-YYjJ1zSn.ttf          22.36 kB
dist/assets/KaTeX_SansSerif-Bold-CFMepnvq.ttf            24.50 kB
dist/assets/KaTeX_Main-Bold-Cx986IdX.woff2               25.32 kB
dist/assets/KaTeX_Main-Regular-B22Nviop.woff2            26.27 kB
dist/assets/KaTeX_Typewriter-Regular-D3Ib7_Hf.ttf        27.55 kB
dist/assets/KaTeX_AMS-Regular-BQhdFMY1.woff2             28.07 kB
dist/assets/KaTeX_Main-Bold-Jm3AIy58.woff                29.91 kB
dist/assets/KaTeX_Main-Regular-Dr94JaBh.woff             30.77 kB
dist/assets/KaTeX_Math-BoldItalic-B3XSjfu4.ttf           31.19 kB
dist/assets/KaTeX_Math-Italic-flOr_0UB.ttf               31.30 kB
dist/assets/KaTeX_Main-BoldItalic-DzxPMmG6.ttf           32.96 kB
dist/assets/KaTeX_AMS-Regular-DMm9YOAa.woff              33.51 kB
dist/assets/KaTeX_Main-Italic-3WenGoN9.ttf               33.58 kB
dist/assets/KaTeX_Main-Bold-waoOVXN0.ttf                 51.33 kB
dist/assets/KaTeX_Main-Regular-ypZvNtVU.ttf              53.58 kB
dist/assets/KaTeX_AMS-Regular-DRggAlZN.ttf               63.63 kB
dist/assets/cdac-BkymEeQv.png                           552.19 kB
dist/assets/index-BBvZSdli.css                          303.51 kB │ gzip:  48.72 kB
dist/assets/index-ConDSFM0.js                         2,451.24 kB │ gzip: 684.13 kB

[32m✓ built in 1.00s[39m
[33m[plugin builtin:vite-reporter] 
(!) Some chunks are larger than 500 kB after minification. Consider:
- Using dynamic import() to code-split the application
- Use build.rolldownOptions.output.codeSplitting to improve chunking: https://rolldown.rs/reference/OutputOptions.codeSplitting
- Adjust chunk size limit for this warning via build.chunkSizeWarningLimit.[39m
